sample.interval=20000
"strsplit" "summaryRprof" 
"strsplit" "summaryRprof" 
"strsplit" "summaryRprof" 
"unique.default" "FUN" "lapply" "summaryRprof" 
"format" "format.data.frame" "as.matrix" "print.data.frame" "print" 
"<Anonymous>" "par" 
"<Anonymous>" "par" 
"lazyLoadDBfetch" "display_data" 
