sample.interval=20000
"rep.int" "inverse.rle" "doTryCatch" "tryCatchOne" "tryCatchList" "tryCatch" "try" "seedinit" "doTryCatch" "tryCatchOne" "tryCatchList" "doTryCatch" "tryCatchOne" "tryCatchList" "tryCatch" "runseed" "FUN" "lapply" "mclapply" "initialisation" "doTryCatch" "tryCatchOne" "tryCatchList" "tryCatch" "fdrDEP" 
"rep.int" "inverse.rle" "doTryCatch" "tryCatchOne" "tryCatchList" "tryCatch" "try" "seedinit" "doTryCatch" "tryCatchOne" "tryCatchList" "doTryCatch" "tryCatchOne" "tryCatchList" "tryCatch" "runseed" "FUN" "lapply" "mclapply" "initialisation" "doTryCatch" "tryCatchOne" "tryCatchList" "tryCatch" "fdrDEP" 
"rep.int" "inverse.rle" "doTryCatch" "tryCatchOne" "tryCatchList" "tryCatch" "try" "seedinit" "doTryCatch" "tryCatchOne" "tryCatchList" "doTryCatch" "tryCatchOne" "tryCatchList" "tryCatch" "runseed" "FUN" "lapply" "mclapply" "initialisation" "doTryCatch" "tryCatchOne" "tryCatchList" "tryCatch" "fdrDEP" 
"glm.fit" "eval" "eval" "glm" "seedinit" "doTryCatch" "tryCatchOne" "tryCatchList" "doTryCatch" "tryCatchOne" "tryCatchList" "tryCatch" "runseed" "FUN" "lapply" "mclapply" "initialisation" "doTryCatch" "tryCatchOne" "tryCatchList" "tryCatch" "fdrDEP" 
"match" "%in%" "structure" "make.link" "binomial" "glm" "seedinit" "doTryCatch" "tryCatchOne" "tryCatchList" "doTryCatch" "tryCatchOne" "tryCatchList" "tryCatch" "runseed" "FUN" "lapply" "mclapply" "initialisation" "doTryCatch" "tryCatchOne" "tryCatchList" "tryCatch" "fdrDEP" 
"glm.fit" "eval" "eval" "glm" "seedinit" "doTryCatch" "tryCatchOne" "tryCatchList" "doTryCatch" "tryCatchOne" "tryCatchList" "tryCatch" "runseed" "FUN" "lapply" "mclapply" "initialisation" "doTryCatch" "tryCatchOne" "tryCatchList" "tryCatch" "fdrDEP" 
".C" "ComputeGradient.C" "ComputeCG" "doTryCatch" "tryCatchOne" "tryCatchList" "doTryCatch" "tryCatchOne" "tryCatchList" "tryCatch" "Maximisation" "doTryCatch" "tryCatchOne" "tryCatchList" "doTryCatch" "tryCatchOne" "tryCatchList" "tryCatch" "ExpectationMaximisation" "doTryCatch" "tryCatchOne" "tryCatchList" "doTryCatch" "tryCatchOne" "tryCatchList" "tryCatch" "runseed" "FUN" "lapply" "mclapply" "initialisation" "doTryCatch" "tryCatchOne" "tryCatchList" "tryCatch" "fdrDEP" 
"gc" "runseed" "FUN" "lapply" "mclapply" "initialisation" "doTryCatch" "tryCatchOne" "tryCatchList" "tryCatch" "fdrDEP" 
"rep.int" "inverse.rle" "doTryCatch" "tryCatchOne" "tryCatchList" "tryCatch" "try" "seedinit" "doTryCatch" "tryCatchOne" "tryCatchList" "doTryCatch" "tryCatchOne" "tryCatchList" "tryCatch" "runseed" "FUN" "lapply" "mclapply" "initialisation" "doTryCatch" "tryCatchOne" "tryCatchList" "tryCatch" "fdrDEP" 
"rep.int" "inverse.rle" "doTryCatch" "tryCatchOne" "tryCatchList" "tryCatch" "try" "seedinit" "doTryCatch" "tryCatchOne" "tryCatchList" "doTryCatch" "tryCatchOne" "tryCatchList" "tryCatch" "runseed" "FUN" "lapply" "mclapply" "initialisation" "doTryCatch" "tryCatchOne" "tryCatchList" "tryCatch" "fdrDEP" 
"glm.fit" "eval" "eval" "glm" "seedinit" "doTryCatch" "tryCatchOne" "tryCatchList" "doTryCatch" "tryCatchOne" "tryCatchList" "tryCatch" "runseed" "FUN" "lapply" "mclapply" "initialisation" "doTryCatch" "tryCatchOne" "tryCatchList" "tryCatch" "fdrDEP" 
"linkinv" "glm.fit" "eval" "eval" "glm" "seedinit" "doTryCatch" "tryCatchOne" "tryCatchList" "doTryCatch" "tryCatchOne" "tryCatchList" "tryCatch" "runseed" "FUN" "lapply" "mclapply" "initialisation" "doTryCatch" "tryCatchOne" "tryCatchList" "tryCatch" "fdrDEP" 
"ComputeGradient.C" "ComputeCG" "doTryCatch" "tryCatchOne" "tryCatchList" "doTryCatch" "tryCatchOne" "tryCatchList" "tryCatch" "Maximisation" "doTryCatch" "tryCatchOne" "tryCatchList" "doTryCatch" "tryCatchOne" "tryCatchList" "tryCatch" "ExpectationMaximisation" "doTryCatch" "tryCatchOne" "tryCatchList" "doTryCatch" "tryCatchOne" "tryCatchList" "tryCatch" "runseed" "FUN" "lapply" "mclapply" "initialisation" "doTryCatch" "tryCatchOne" "tryCatchList" "tryCatch" "fdrDEP" 
"Maximisation" "doTryCatch" "tryCatchOne" "tryCatchList" "doTryCatch" "tryCatchOne" "tryCatchList" "tryCatch" "ExpectationMaximisation" "doTryCatch" "tryCatchOne" "tryCatchList" "doTryCatch" "tryCatchOne" "tryCatchList" "tryCatch" "runseed" "FUN" "lapply" "mclapply" "initialisation" "doTryCatch" "tryCatchOne" "tryCatchList" "tryCatch" "fdrDEP" 
"save" "doTryCatch" "tryCatchOne" "tryCatchList" "tryCatch" "runseed" "FUN" "lapply" "mclapply" "initialisation" "doTryCatch" "tryCatchOne" "tryCatchList" "tryCatch" "fdrDEP" 
"gc" "runseed" "FUN" "lapply" "mclapply" "initialisation" "doTryCatch" "tryCatchOne" "tryCatchList" "tryCatch" "fdrDEP" 
"glm.fit" "eval" "eval" "glm" "seedinit" "doTryCatch" "tryCatchOne" "tryCatchList" "doTryCatch" "tryCatchOne" "tryCatchList" "tryCatch" "runseed" "FUN" "lapply" "mclapply" "initialisation" "doTryCatch" "tryCatchOne" "tryCatchList" "tryCatch" "fdrDEP" 
"variance" "glm.fit" "eval" "eval" "glm" "seedinit" "doTryCatch" "tryCatchOne" "tryCatchList" "doTryCatch" "tryCatchOne" "tryCatchList" "tryCatch" "runseed" "FUN" "lapply" "mclapply" "initialisation" "doTryCatch" "tryCatchOne" "tryCatchList" "tryCatch" "fdrDEP" 
".C" "pii.A.C" "ComputeCG" "doTryCatch" "tryCatchOne" "tryCatchList" "doTryCatch" "tryCatchOne" "tryCatchList" "tryCatch" "Maximisation" "doTryCatch" "tryCatchOne" "tryCatchList" "doTryCatch" "tryCatchOne" "tryCatchList" "tryCatch" "ExpectationMaximisation" "doTryCatch" "tryCatchOne" "tryCatchList" "doTryCatch" "tryCatchOne" "tryCatchList" "tryCatch" "runseed" "FUN" "lapply" "mclapply" "initialisation" "doTryCatch" "tryCatchOne" "tryCatchList" "tryCatch" "fdrDEP" 
"gc" "runseed" "FUN" "lapply" "mclapply" "initialisation" "doTryCatch" "tryCatchOne" "tryCatchList" "tryCatch" "fdrDEP" 
"glm.fit" "eval" "eval" "glm" "seedinit" "doTryCatch" "tryCatchOne" "tryCatchList" "doTryCatch" "tryCatchOne" "tryCatchList" "tryCatch" "runseed" "FUN" "lapply" "mclapply" "initialisation" "doTryCatch" "tryCatchOne" "tryCatchList" "tryCatch" "fdrDEP" 
"variance" "glm.fit" "eval" "eval" "glm" "seedinit" "doTryCatch" "tryCatchOne" "tryCatchList" "doTryCatch" "tryCatchOne" "tryCatchList" "tryCatch" "runseed" "FUN" "lapply" "mclapply" "initialisation" "doTryCatch" "tryCatchOne" "tryCatchList" "tryCatch" "fdrDEP" 
"matrix" "Expectation" "doTryCatch" "tryCatchOne" "tryCatchList" "doTryCatch" "tryCatchOne" "tryCatchList" "tryCatch" "ExpectationMaximisation" "doTryCatch" "tryCatchOne" "tryCatchList" "doTryCatch" "tryCatchOne" "tryCatchList" "tryCatch" "runseed" "FUN" "lapply" "mclapply" "initialisation" "doTryCatch" "tryCatchOne" "tryCatchList" "tryCatch" "fdrDEP" 
"gc" "runseed" "FUN" "lapply" "mclapply" "initialisation" "doTryCatch" "tryCatchOne" "tryCatchList" "tryCatch" "fdrDEP" 
"rep.int" "inverse.rle" "doTryCatch" "tryCatchOne" "tryCatchList" "tryCatch" "try" "seedinit" "doTryCatch" "tryCatchOne" "tryCatchList" "doTryCatch" "tryCatchOne" "tryCatchList" "tryCatch" "runseed" "FUN" "lapply" "mclapply" "initialisation" "doTryCatch" "tryCatchOne" "tryCatchList" "tryCatch" "fdrDEP" 
"glm.fit" "eval" "eval" "glm" "seedinit" "doTryCatch" "tryCatchOne" "tryCatchList" "doTryCatch" "tryCatchOne" "tryCatchList" "tryCatch" "runseed" "FUN" "lapply" "mclapply" "initialisation" "doTryCatch" "tryCatchOne" "tryCatchList" "tryCatch" "fdrDEP" 
"glm.fit" "eval" "eval" "glm" "seedinit" "doTryCatch" "tryCatchOne" "tryCatchList" "doTryCatch" "tryCatchOne" "tryCatchList" "tryCatch" "runseed" "FUN" "lapply" "mclapply" "initialisation" "doTryCatch" "tryCatchOne" "tryCatchList" "tryCatch" "fdrDEP" 
"array" "ComputeGradient.C" "ComputeCG" "doTryCatch" "tryCatchOne" "tryCatchList" "doTryCatch" "tryCatchOne" "tryCatchList" "tryCatch" "Maximisation" "doTryCatch" "tryCatchOne" "tryCatchList" "doTryCatch" "tryCatchOne" "tryCatchList" "tryCatch" "ExpectationMaximisation" "doTryCatch" "tryCatchOne" "tryCatchList" "doTryCatch" "tryCatchOne" "tryCatchList" "tryCatch" "runseed" "FUN" "lapply" "mclapply" "initialisation" "doTryCatch" "tryCatchOne" "tryCatchList" "tryCatch" "fdrDEP" 
"gc" "runseed" "FUN" "lapply" "mclapply" "initialisation" "doTryCatch" "tryCatchOne" "tryCatchList" "tryCatch" "fdrDEP" 
"model.matrix.default" "model.matrix" "glm" "seedinit" "doTryCatch" "tryCatchOne" "tryCatchList" "doTryCatch" "tryCatchOne" "tryCatchList" "tryCatch" "runseed" "FUN" "lapply" "mclapply" "initialisation" "doTryCatch" "tryCatchOne" "tryCatchList" "tryCatch" "fdrDEP" 
"glm.fit" "eval" "eval" "glm" "seedinit" "doTryCatch" "tryCatchOne" "tryCatchList" "doTryCatch" "tryCatchOne" "tryCatchList" "tryCatch" "runseed" "FUN" "lapply" "mclapply" "initialisation" "doTryCatch" "tryCatchOne" "tryCatchList" "tryCatch" "fdrDEP" 
"/" "density.default" "density" "Maximisation" "doTryCatch" "tryCatchOne" "tryCatchList" "doTryCatch" "tryCatchOne" "tryCatchList" "tryCatch" "ExpectationMaximisation" "doTryCatch" "tryCatchOne" "tryCatchList" "doTryCatch" "tryCatchOne" "tryCatchList" "tryCatch" "runseed" "FUN" "lapply" "mclapply" "initialisation" "doTryCatch" "tryCatchOne" "tryCatchList" "tryCatch" "fdrDEP" 
"ComputeCG" "doTryCatch" "tryCatchOne" "tryCatchList" "doTryCatch" "tryCatchOne" "tryCatchList" "tryCatch" "Maximisation" "doTryCatch" "tryCatchOne" "tryCatchList" "doTryCatch" "tryCatchOne" "tryCatchList" "tryCatch" "ExpectationMaximisation" "doTryCatch" "tryCatchOne" "tryCatchList" "doTryCatch" "tryCatchOne" "tryCatchList" "tryCatch" "runseed" "FUN" "lapply" "mclapply" "initialisation" "doTryCatch" "tryCatchOne" "tryCatchList" "tryCatch" "fdrDEP" 
"gc" "runseed" "FUN" "lapply" "mclapply" "initialisation" "doTryCatch" "tryCatchOne" "tryCatchList" "tryCatch" "fdrDEP" 
"<Anonymous>" "glm.fit" "eval" "eval" "glm" "seedinit" "doTryCatch" "tryCatchOne" "tryCatchList" "doTryCatch" "tryCatchOne" "tryCatchList" "tryCatch" "runseed" "FUN" "lapply" "mclapply" "initialisation" "doTryCatch" "tryCatchOne" "tryCatchList" "tryCatch" "fdrDEP" 
"glm.fit" "eval" "eval" "glm" "seedinit" "doTryCatch" "tryCatchOne" "tryCatchList" "doTryCatch" "tryCatchOne" "tryCatchList" "tryCatch" "runseed" "FUN" "lapply" "mclapply" "initialisation" "doTryCatch" "tryCatchOne" "tryCatchList" "tryCatch" "fdrDEP" 
"as.double" "LineSearch.C" "doTryCatch" "tryCatchOne" "tryCatchList" "doTryCatch" "tryCatchOne" "tryCatchList" "tryCatch" "ComputeCG" "doTryCatch" "tryCatchOne" "tryCatchList" "doTryCatch" "tryCatchOne" "tryCatchList" "tryCatch" "Maximisation" "doTryCatch" "tryCatchOne" "tryCatchList" "doTryCatch" "tryCatchOne" "tryCatchList" "tryCatch" "ExpectationMaximisation" "doTryCatch" "tryCatchOne" "tryCatchList" "doTryCatch" "tryCatchOne" "tryCatchList" "tryCatch" "runseed" "FUN" "lapply" "mclapply" "initialisation" "doTryCatch" "tryCatchOne" "tryCatchList" "tryCatch" "fdrDEP" 
"save" "doTryCatch" "tryCatchOne" "tryCatchList" "tryCatch" "runseed" "FUN" "lapply" "mclapply" "initialisation" "doTryCatch" "tryCatchOne" "tryCatchList" "tryCatch" "fdrDEP" 
"gc" "runseed" "FUN" "lapply" "mclapply" "initialisation" "doTryCatch" "tryCatchOne" "tryCatchList" "tryCatch" "fdrDEP" 
"glm.fit" "eval" "eval" "glm" "seedinit" "doTryCatch" "tryCatchOne" "tryCatchList" "doTryCatch" "tryCatchOne" "tryCatchList" "tryCatch" "runseed" "FUN" "lapply" "mclapply" "initialisation" "doTryCatch" "tryCatchOne" "tryCatchList" "tryCatch" "fdrDEP" 
"glm.fit" "eval" "eval" "glm" "seedinit" "doTryCatch" "tryCatchOne" "tryCatchList" "doTryCatch" "tryCatchOne" "tryCatchList" "tryCatch" "runseed" "FUN" "lapply" "mclapply" "initialisation" "doTryCatch" "tryCatchOne" "tryCatchList" "tryCatch" "fdrDEP" 
"dnorm" "Expectation" "doTryCatch" "tryCatchOne" "tryCatchList" "doTryCatch" "tryCatchOne" "tryCatchList" "tryCatch" "ExpectationMaximisation" "doTryCatch" "tryCatchOne" "tryCatchList" "doTryCatch" "tryCatchOne" "tryCatchList" "tryCatch" "runseed" "FUN" "lapply" "mclapply" "initialisation" "doTryCatch" "tryCatchOne" "tryCatchList" "tryCatch" "fdrDEP" 
"save" "doTryCatch" "tryCatchOne" "tryCatchList" "tryCatch" "runseed" "FUN" "lapply" "mclapply" "initialisation" "doTryCatch" "tryCatchOne" "tryCatchList" "tryCatch" "fdrDEP" 
"gc" "runseed" "FUN" "lapply" "mclapply" "initialisation" "doTryCatch" "tryCatchOne" "tryCatchList" "tryCatch" "fdrDEP" 
"glm.fit" "eval" "eval" "glm" "seedinit" "doTryCatch" "tryCatchOne" "tryCatchList" "doTryCatch" "tryCatchOne" "tryCatchList" "tryCatch" "runseed" "FUN" "lapply" "mclapply" "initialisation" "doTryCatch" "tryCatchOne" "tryCatchList" "tryCatch" "fdrDEP" 
"glm.fit" "eval" "eval" "glm" "seedinit" "doTryCatch" "tryCatchOne" "tryCatchList" "doTryCatch" "tryCatchOne" "tryCatchList" "tryCatch" "runseed" "FUN" "lapply" "mclapply" "initialisation" "doTryCatch" "tryCatchOne" "tryCatchList" "tryCatch" "fdrDEP" 
"density.default" "density" "Maximisation" "doTryCatch" "tryCatchOne" "tryCatchList" "doTryCatch" "tryCatchOne" "tryCatchList" "tryCatch" "ExpectationMaximisation" "doTryCatch" "tryCatchOne" "tryCatchList" "doTryCatch" "tryCatchOne" "tryCatchList" "tryCatch" "runseed" "FUN" "lapply" "mclapply" "initialisation" "doTryCatch" "tryCatchOne" "tryCatchList" "tryCatch" "fdrDEP" 
"gc" "runseed" "FUN" "lapply" "mclapply" "initialisation" "doTryCatch" "tryCatchOne" "tryCatchList" "tryCatch" "fdrDEP" 
"glm.fit" "eval" "eval" "glm" "seedinit" "doTryCatch" "tryCatchOne" "tryCatchList" "doTryCatch" "tryCatchOne" "tryCatchList" "tryCatch" "runseed" "FUN" "lapply" "mclapply" "initialisation" "doTryCatch" "tryCatchOne" "tryCatchList" "tryCatch" "fdrDEP" 
"glm.fit" "eval" "eval" "glm" "seedinit" "doTryCatch" "tryCatchOne" "tryCatchList" "doTryCatch" "tryCatchOne" "tryCatchList" "tryCatch" "runseed" "FUN" "lapply" "mclapply" "initialisation" "doTryCatch" "tryCatchOne" "tryCatchList" "tryCatch" "fdrDEP" 
"==" "Expectation" "doTryCatch" "tryCatchOne" "tryCatchList" "doTryCatch" "tryCatchOne" "tryCatchList" "tryCatch" "ExpectationMaximisation" "doTryCatch" "tryCatchOne" "tryCatchList" "doTryCatch" "tryCatchOne" "tryCatchList" "tryCatch" "runseed" "FUN" "lapply" "mclapply" "initialisation" "doTryCatch" "tryCatchOne" "tryCatchList" "tryCatch" "fdrDEP" 
"gc" "runseed" "FUN" "lapply" "mclapply" "initialisation" "doTryCatch" "tryCatchOne" "tryCatchList" "tryCatch" "fdrDEP" 
"linkinv" "glm.fit" "eval" "eval" "glm" "seedinit" "doTryCatch" "tryCatchOne" "tryCatchList" "doTryCatch" "tryCatchOne" "tryCatchList" "tryCatch" "runseed" "FUN" "lapply" "mclapply" "initialisation" "doTryCatch" "tryCatchOne" "tryCatchList" "tryCatch" "fdrDEP" 
"dbinom" "aic" "glm.fit" "eval" "eval" "glm" "seedinit" "doTryCatch" "tryCatchOne" "tryCatchList" "doTryCatch" "tryCatchOne" "tryCatchList" "tryCatch" "runseed" "FUN" "lapply" "mclapply" "initialisation" "doTryCatch" "tryCatchOne" "tryCatchList" "tryCatch" "fdrDEP" 
"[.data.frame" "[" "na.omit.data.frame" "na.omit" "model.frame.default" "model.frame" "eval" "eval" "glm" "seedinit" "doTryCatch" "tryCatchOne" "tryCatchList" "doTryCatch" "tryCatchOne" "tryCatchList" "tryCatch" "runseed" "FUN" "lapply" "mclapply" "initialisation" "doTryCatch" "tryCatchOne" "tryCatchList" "tryCatch" "fdrDEP" 
"pmatch" ".deparseOpts" "deparse" "density.default" "density" "Maximisation" "doTryCatch" "tryCatchOne" "tryCatchList" "doTryCatch" "tryCatchOne" "tryCatchList" "tryCatch" "runseed" "FUN" "lapply" "mclapply" "initialisation" "doTryCatch" "tryCatchOne" "tryCatchList" "tryCatch" "fdrDEP" 
"ComputeCG" "doTryCatch" "tryCatchOne" "tryCatchList" "doTryCatch" "tryCatchOne" "tryCatchList" "tryCatch" "Maximisation" "doTryCatch" "tryCatchOne" "tryCatchList" "doTryCatch" "tryCatchOne" "tryCatchList" "tryCatch" "ExpectationMaximisation" "doTryCatch" "tryCatchOne" "tryCatchList" "doTryCatch" "tryCatchOne" "tryCatchList" "tryCatch" "runseed" "FUN" "lapply" "mclapply" "initialisation" "doTryCatch" "tryCatchOne" "tryCatchList" "tryCatch" "fdrDEP" 
"gc" "runseed" "FUN" "lapply" "mclapply" "initialisation" "doTryCatch" "tryCatchOne" "tryCatchList" "tryCatch" "fdrDEP" 
"glm.fit" "eval" "eval" "glm" "seedinit" "doTryCatch" "tryCatchOne" "tryCatchList" "doTryCatch" "tryCatchOne" "tryCatchList" "tryCatch" "runseed" "FUN" "lapply" "mclapply" "initialisation" "doTryCatch" "tryCatchOne" "tryCatchList" "tryCatch" "fdrDEP" 
"glm.control" "do.call" "glm.fit" "eval" "eval" "glm" "seedinit" "doTryCatch" "tryCatchOne" "tryCatchList" "doTryCatch" "tryCatchOne" "tryCatchList" "tryCatch" "runseed" "FUN" "lapply" "mclapply" "initialisation" "doTryCatch" "tryCatchOne" "tryCatchList" "tryCatch" "fdrDEP" 
".C" "LineSearch.C" "doTryCatch" "tryCatchOne" "tryCatchList" "doTryCatch" "tryCatchOne" "tryCatchList" "tryCatch" "ComputeCG" "doTryCatch" "tryCatchOne" "tryCatchList" "doTryCatch" "tryCatchOne" "tryCatchList" "tryCatch" "Maximisation" "doTryCatch" "tryCatchOne" "tryCatchList" "doTryCatch" "tryCatchOne" "tryCatchList" "tryCatch" "runseed" "FUN" "lapply" "mclapply" "initialisation" "doTryCatch" "tryCatchOne" "tryCatchList" "tryCatch" "fdrDEP" 
".C" "Expectation" "doTryCatch" "tryCatchOne" "tryCatchList" "doTryCatch" "tryCatchOne" "tryCatchList" "tryCatch" "ExpectationMaximisation" "doTryCatch" "tryCatchOne" "tryCatchList" "doTryCatch" "tryCatchOne" "tryCatchList" "tryCatch" "runseed" "FUN" "lapply" "mclapply" "initialisation" "doTryCatch" "tryCatchOne" "tryCatchList" "tryCatch" "fdrDEP" 
".C" "ComputeGradient.C" "ComputeCG" "doTryCatch" "tryCatchOne" "tryCatchList" "doTryCatch" "tryCatchOne" "tryCatchList" "tryCatch" "Maximisation" "doTryCatch" "tryCatchOne" "tryCatchList" "doTryCatch" "tryCatchOne" "tryCatchList" "tryCatch" "ExpectationMaximisation" "doTryCatch" "tryCatchOne" "tryCatchList" "doTryCatch" "tryCatchOne" "tryCatchList" "tryCatch" "runseed" "FUN" "lapply" "mclapply" "initialisation" "doTryCatch" "tryCatchOne" "tryCatchList" "tryCatch" "fdrDEP" 
"mode" "match" "%in%" "deparse" "eval" "match.arg" "density.default" "density" "Maximisation" "doTryCatch" "tryCatchOne" "tryCatchList" "doTryCatch" "tryCatchOne" "tryCatchList" "tryCatch" "ExpectationMaximisation" "doTryCatch" "tryCatchOne" "tryCatchList" "doTryCatch" "tryCatchOne" "tryCatchList" "tryCatch" "runseed" "FUN" "lapply" "mclapply" "initialisation" "doTryCatch" "tryCatchOne" "tryCatchList" "tryCatch" "fdrDEP" 
"gc" "runseed" "FUN" "lapply" "mclapply" "initialisation" "doTryCatch" "tryCatchOne" "tryCatchList" "tryCatch" "fdrDEP" 
"as.character" "model.response" "glm" "seedinit" "doTryCatch" "tryCatchOne" "tryCatchList" "doTryCatch" "tryCatchOne" "tryCatchList" "tryCatch" "runseed" "FUN" "lapply" "mclapply" "initialisation" "doTryCatch" "tryCatchOne" "tryCatchList" "tryCatch" "fdrDEP" 
"glm.fit" "eval" "eval" "glm" "seedinit" "doTryCatch" "tryCatchOne" "tryCatchList" "doTryCatch" "tryCatchOne" "tryCatchList" "tryCatch" "runseed" "FUN" "lapply" "mclapply" "initialisation" "doTryCatch" "tryCatchOne" "tryCatchList" "tryCatch" "fdrDEP" 
"ExpectationMaximisation" "doTryCatch" "tryCatchOne" "tryCatchList" "doTryCatch" "tryCatchOne" "tryCatchList" "tryCatch" "runseed" "FUN" "lapply" "mclapply" "initialisation" "doTryCatch" "tryCatchOne" "tryCatchList" "tryCatch" "fdrDEP" 
".C" "ComputeGradient.C" "ComputeCG" "doTryCatch" "tryCatchOne" "tryCatchList" "doTryCatch" "tryCatchOne" "tryCatchList" "tryCatch" "Maximisation" "doTryCatch" "tryCatchOne" "tryCatchList" "doTryCatch" "tryCatchOne" "tryCatchList" "tryCatch" "ExpectationMaximisation" "doTryCatch" "tryCatchOne" "tryCatchList" "doTryCatch" "tryCatchOne" "tryCatchList" "tryCatch" "runseed" "FUN" "lapply" "mclapply" "initialisation" "doTryCatch" "tryCatchOne" "tryCatchList" "tryCatch" "fdrDEP" 
"approx" "Maximisation" "doTryCatch" "tryCatchOne" "tryCatchList" "doTryCatch" "tryCatchOne" "tryCatchList" "tryCatch" "ExpectationMaximisation" "doTryCatch" "tryCatchOne" "tryCatchList" "doTryCatch" "tryCatchOne" "tryCatchList" "tryCatch" "runseed" "FUN" "lapply" "mclapply" "initialisation" "doTryCatch" "tryCatchOne" "tryCatchList" "tryCatch" "fdrDEP" 
".C" "Expectation" "doTryCatch" "tryCatchOne" "tryCatchList" "doTryCatch" "tryCatchOne" "tryCatchList" "tryCatch" "ExpectationMaximisation" "doTryCatch" "tryCatchOne" "tryCatchList" "doTryCatch" "tryCatchOne" "tryCatchList" "tryCatch" "runseed" "FUN" "lapply" "mclapply" "initialisation" "doTryCatch" "tryCatchOne" "tryCatchList" "tryCatch" "fdrDEP" 
"save" "doTryCatch" "tryCatchOne" "tryCatchList" "tryCatch" "runseed" "FUN" "lapply" "mclapply" "initialisation" "doTryCatch" "tryCatchOne" "tryCatchList" "tryCatch" "fdrDEP" 
"gc" "runseed" "FUN" "lapply" "mclapply" "initialisation" "doTryCatch" "tryCatchOne" "tryCatchList" "tryCatch" "fdrDEP" 
"validmu" "glm.fit" "eval" "eval" "glm" "seedinit" "doTryCatch" "tryCatchOne" "tryCatchList" "doTryCatch" "tryCatchOne" "tryCatchList" "tryCatch" "runseed" "FUN" "lapply" "mclapply" "initialisation" "doTryCatch" "tryCatchOne" "tryCatchList" "tryCatch" "fdrDEP" 
".C" "ComputeGradient.C" "ComputeCG" "doTryCatch" "tryCatchOne" "tryCatchList" "doTryCatch" "tryCatchOne" "tryCatchList" "tryCatch" "Maximisation" "doTryCatch" "tryCatchOne" "tryCatchList" "doTryCatch" "tryCatchOne" "tryCatchList" "tryCatch" "runseed" "FUN" "lapply" "mclapply" "initialisation" "doTryCatch" "tryCatchOne" "tryCatchList" "tryCatch" "fdrDEP" 
"sort.int" "sort.default" "sort" "quantile.default" "quantile" "diff" "IQR" "bw.nrd0" "density.default" "density" "Maximisation" "doTryCatch" "tryCatchOne" "tryCatchList" "doTryCatch" "tryCatchOne" "tryCatchList" "tryCatch" "ExpectationMaximisation" "doTryCatch" "tryCatchOne" "tryCatchList" "doTryCatch" "tryCatchOne" "tryCatchList" "tryCatch" "runseed" "FUN" "lapply" "mclapply" "initialisation" "doTryCatch" "tryCatchOne" "tryCatchList" "tryCatch" "fdrDEP" 
"length" "Maximisation" "doTryCatch" "tryCatchOne" "tryCatchList" "doTryCatch" "tryCatchOne" "tryCatchList" "tryCatch" "ExpectationMaximisation" "doTryCatch" "tryCatchOne" "tryCatchList" "doTryCatch" "tryCatchOne" "tryCatchList" "tryCatch" "runseed" "FUN" "lapply" "mclapply" "initialisation" "doTryCatch" "tryCatchOne" "tryCatchList" "tryCatch" "fdrDEP" 
"gc" "runseed" "FUN" "lapply" "mclapply" "initialisation" "doTryCatch" "tryCatchOne" "tryCatchList" "tryCatch" "fdrDEP" 
"glm.fit" "eval" "eval" "glm" "seedinit" "doTryCatch" "tryCatchOne" "tryCatchList" "doTryCatch" "tryCatchOne" "tryCatchList" "tryCatch" "runseed" "FUN" "lapply" "mclapply" "initialisation" "doTryCatch" "tryCatchOne" "tryCatchList" "tryCatch" "fdrDEP" 
".getXlevels" "glm" "seedinit" "doTryCatch" "tryCatchOne" "tryCatchList" "doTryCatch" "tryCatchOne" "tryCatchList" "tryCatch" "runseed" "FUN" "lapply" "mclapply" "initialisation" "doTryCatch" "tryCatchOne" "tryCatchList" "tryCatch" "fdrDEP" 
".C" "ComputeGradient.C" "ComputeCG" "doTryCatch" "tryCatchOne" "tryCatchList" "doTryCatch" "tryCatchOne" "tryCatchList" "tryCatch" "Maximisation" "doTryCatch" "tryCatchOne" "tryCatchList" "doTryCatch" "tryCatchOne" "tryCatchList" "tryCatch" "ExpectationMaximisation" "doTryCatch" "tryCatchOne" "tryCatchList" "doTryCatch" "tryCatchOne" "tryCatchList" "tryCatch" "runseed" "FUN" "lapply" "mclapply" "initialisation" "doTryCatch" "tryCatchOne" "tryCatchList" "tryCatch" "fdrDEP" 
"fft" "fft" "density.default" "density" "Maximisation" "doTryCatch" "tryCatchOne" "tryCatchList" "doTryCatch" "tryCatchOne" "tryCatchList" "tryCatch" "ExpectationMaximisation" "doTryCatch" "tryCatchOne" "tryCatchList" "doTryCatch" "tryCatchOne" "tryCatchList" "tryCatch" "runseed" "FUN" "lapply" "mclapply" "initialisation" "doTryCatch" "tryCatchOne" "tryCatchList" "tryCatch" "fdrDEP" 
"save" "doTryCatch" "tryCatchOne" "tryCatchList" "tryCatch" "runseed" "FUN" "lapply" "mclapply" "initialisation" "doTryCatch" "tryCatchOne" "tryCatchList" "tryCatch" "fdrDEP" 
"gc" "runseed" "FUN" "lapply" "mclapply" "initialisation" "doTryCatch" "tryCatchOne" "tryCatchList" "tryCatch" "fdrDEP" 
"colnames<-" "glm.fit" "eval" "eval" "glm" "seedinit" "doTryCatch" "tryCatchOne" "tryCatchList" "doTryCatch" "tryCatchOne" "tryCatchList" "tryCatch" "runseed" "FUN" "lapply" "mclapply" "initialisation" "doTryCatch" "tryCatchOne" "tryCatchList" "tryCatch" "fdrDEP" 
".C" "LineSearch.C" "doTryCatch" "tryCatchOne" "tryCatchList" "doTryCatch" "tryCatchOne" "tryCatchList" "tryCatch" "ComputeCG" "doTryCatch" "tryCatchOne" "tryCatchList" "doTryCatch" "tryCatchOne" "tryCatchList" "tryCatch" "Maximisation" "doTryCatch" "tryCatchOne" "tryCatchList" "doTryCatch" "tryCatchOne" "tryCatchList" "tryCatch" "runseed" "FUN" "lapply" "mclapply" "initialisation" "doTryCatch" "tryCatchOne" "tryCatchList" "tryCatch" "fdrDEP" 
"density.default" "density" "Maximisation" "doTryCatch" "tryCatchOne" "tryCatchList" "doTryCatch" "tryCatchOne" "tryCatchList" "tryCatch" "ExpectationMaximisation" "doTryCatch" "tryCatchOne" "tryCatchList" "doTryCatch" "tryCatchOne" "tryCatchList" "tryCatch" "runseed" "FUN" "lapply" "mclapply" "initialisation" "doTryCatch" "tryCatchOne" "tryCatchList" "tryCatch" "fdrDEP" 
"matrix" "Expectation" "doTryCatch" "tryCatchOne" "tryCatchList" "doTryCatch" "tryCatchOne" "tryCatchList" "tryCatch" "ExpectationMaximisation" "doTryCatch" "tryCatchOne" "tryCatchList" "doTryCatch" "tryCatchOne" "tryCatchList" "tryCatch" "runseed" "FUN" "lapply" "mclapply" "initialisation" "doTryCatch" "tryCatchOne" "tryCatchList" "tryCatch" "fdrDEP" 
".C" "LineSearch.C" "doTryCatch" "tryCatchOne" "tryCatchList" "doTryCatch" "tryCatchOne" "tryCatchList" "tryCatch" "ComputeCG" "doTryCatch" "tryCatchOne" "tryCatchList" "doTryCatch" "tryCatchOne" "tryCatchList" "tryCatch" "Maximisation" "doTryCatch" "tryCatchOne" "tryCatchList" "doTryCatch" "tryCatchOne" "tryCatchList" "tryCatch" "ExpectationMaximisation" "doTryCatch" "tryCatchOne" "tryCatchList" "doTryCatch" "tryCatchOne" "tryCatchList" "tryCatch" "runseed" "FUN" "lapply" "mclapply" "initialisation" "doTryCatch" "tryCatchOne" "tryCatchList" "tryCatch" "fdrDEP" 
"gc" "runseed" "FUN" "lapply" "mclapply" "initialisation" "doTryCatch" "tryCatchOne" "tryCatchList" "tryCatch" "fdrDEP" 
"seedinit" "doTryCatch" "tryCatchOne" "tryCatchList" "doTryCatch" "tryCatchOne" "tryCatchList" "tryCatch" "runseed" "FUN" "lapply" "mclapply" "initialisation" "doTryCatch" "tryCatchOne" "tryCatchList" "tryCatch" "fdrDEP" 
"glm.fit" "eval" "eval" "glm" "seedinit" "doTryCatch" "tryCatchOne" "tryCatchList" "doTryCatch" "tryCatchOne" "tryCatchList" "tryCatch" "runseed" "FUN" "lapply" "mclapply" "initialisation" "doTryCatch" "tryCatchOne" "tryCatchList" "tryCatch" "fdrDEP" 
"match" "%in%" "deparse" "eval" "match.arg" "density.default" "density" "Maximisation" "doTryCatch" "tryCatchOne" "tryCatchList" "doTryCatch" "tryCatchOne" "tryCatchList" "tryCatch" "runseed" "FUN" "lapply" "mclapply" "initialisation" "doTryCatch" "tryCatchOne" "tryCatchList" "tryCatch" "fdrDEP" 
"as.double" "ComputeGradient.C" "ComputeCG" "doTryCatch" "tryCatchOne" "tryCatchList" "doTryCatch" "tryCatchOne" "tryCatchList" "tryCatch" "Maximisation" "doTryCatch" "tryCatchOne" "tryCatchList" "doTryCatch" "tryCatchOne" "tryCatchList" "tryCatch" "ExpectationMaximisation" "doTryCatch" "tryCatchOne" "tryCatchList" "doTryCatch" "tryCatchOne" "tryCatchList" "tryCatch" "runseed" "FUN" "lapply" "mclapply" "initialisation" "doTryCatch" "tryCatchOne" "tryCatchList" "tryCatch" "fdrDEP" 
"gc" "runseed" "FUN" "lapply" "mclapply" "initialisation" "doTryCatch" "tryCatchOne" "tryCatchList" "tryCatch" "fdrDEP" 
"<Anonymous>" "glm.fit" "eval" "eval" "glm" "seedinit" "doTryCatch" "tryCatchOne" "tryCatchList" "doTryCatch" "tryCatchOne" "tryCatchList" "tryCatch" "runseed" "FUN" "lapply" "mclapply" "initialisation" "doTryCatch" "tryCatchOne" "tryCatchList" "tryCatch" "fdrDEP" 
"mu.eta" "glm.fit" "eval" "eval" "glm" "seedinit" "doTryCatch" "tryCatchOne" "tryCatchList" "doTryCatch" "tryCatchOne" "tryCatchList" "tryCatch" "runseed" "FUN" "lapply" "mclapply" "initialisation" "doTryCatch" "tryCatchOne" "tryCatchList" "tryCatch" "fdrDEP" 
"as.double" "LineSearch.C" "doTryCatch" "tryCatchOne" "tryCatchList" "doTryCatch" "tryCatchOne" "tryCatchList" "tryCatch" "ComputeCG" "doTryCatch" "tryCatchOne" "tryCatchList" "doTryCatch" "tryCatchOne" "tryCatchList" "tryCatch" "Maximisation" "doTryCatch" "tryCatchOne" "tryCatchList" "doTryCatch" "tryCatchOne" "tryCatchList" "tryCatch" "ExpectationMaximisation" "doTryCatch" "tryCatchOne" "tryCatchList" "doTryCatch" "tryCatchOne" "tryCatchList" "tryCatch" "runseed" "FUN" "lapply" "mclapply" "initialisation" "doTryCatch" "tryCatchOne" "tryCatchList" "tryCatch" "fdrDEP" 
"gc" "runseed" "FUN" "lapply" "mclapply" "initialisation" "doTryCatch" "tryCatchOne" "tryCatchList" "tryCatch" "fdrDEP" 
"dim" "array" "seedinit" "doTryCatch" "tryCatchOne" "tryCatchList" "doTryCatch" "tryCatchOne" "tryCatchList" "tryCatch" "runseed" "FUN" "lapply" "mclapply" "initialisation" "doTryCatch" "tryCatchOne" "tryCatchList" "tryCatch" "fdrDEP" 
"glm.fit" "eval" "eval" "glm" "seedinit" "doTryCatch" "tryCatchOne" "tryCatchList" "doTryCatch" "tryCatchOne" "tryCatchList" "tryCatch" "runseed" "FUN" "lapply" "mclapply" "initialisation" "doTryCatch" "tryCatchOne" "tryCatchList" "tryCatch" "fdrDEP" 
"glm.fit" "eval" "eval" "glm" "seedinit" "doTryCatch" "tryCatchOne" "tryCatchList" "doTryCatch" "tryCatchOne" "tryCatchList" "tryCatch" "runseed" "FUN" "lapply" "mclapply" "initialisation" "doTryCatch" "tryCatchOne" "tryCatchList" "tryCatch" "fdrDEP" 
"Expectation" "doTryCatch" "tryCatchOne" "tryCatchList" "doTryCatch" "tryCatchOne" "tryCatchList" "tryCatch" "ExpectationMaximisation" "doTryCatch" "tryCatchOne" "tryCatchList" "doTryCatch" "tryCatchOne" "tryCatchList" "tryCatch" "runseed" "FUN" "lapply" "mclapply" "initialisation" "doTryCatch" "tryCatchOne" "tryCatchList" "tryCatch" "fdrDEP" 
"gc" "runseed" "FUN" "lapply" "mclapply" "initialisation" "doTryCatch" "tryCatchOne" "tryCatchList" "tryCatch" "fdrDEP" 
"rep.int" "inverse.rle" "doTryCatch" "tryCatchOne" "tryCatchList" "tryCatch" "try" "seedinit" "doTryCatch" "tryCatchOne" "tryCatchList" "doTryCatch" "tryCatchOne" "tryCatchList" "tryCatch" "runseed" "FUN" "lapply" "mclapply" "initialisation" "doTryCatch" "tryCatchOne" "tryCatchList" "tryCatch" "fdrDEP" 
"glm.fit" "eval" "eval" "glm" "seedinit" "doTryCatch" "tryCatchOne" "tryCatchList" "doTryCatch" "tryCatchOne" "tryCatchList" "tryCatch" "runseed" "FUN" "lapply" "mclapply" "initialisation" "doTryCatch" "tryCatchOne" "tryCatchList" "tryCatch" "fdrDEP" 
"glm.fit" "eval" "eval" "glm" "seedinit" "doTryCatch" "tryCatchOne" "tryCatchList" "doTryCatch" "tryCatchOne" "tryCatchList" "tryCatch" "runseed" "FUN" "lapply" "mclapply" "initialisation" "doTryCatch" "tryCatchOne" "tryCatchList" "tryCatch" "fdrDEP" 
"ComputeCG" "doTryCatch" "tryCatchOne" "tryCatchList" "doTryCatch" "tryCatchOne" "tryCatchList" "tryCatch" "Maximisation" "doTryCatch" "tryCatchOne" "tryCatchList" "doTryCatch" "tryCatchOne" "tryCatchList" "tryCatch" "ExpectationMaximisation" "doTryCatch" "tryCatchOne" "tryCatchList" "doTryCatch" "tryCatchOne" "tryCatchList" "tryCatch" "runseed" "FUN" "lapply" "mclapply" "initialisation" "doTryCatch" "tryCatchOne" "tryCatchList" "tryCatch" "fdrDEP" 
"match.fun" "apply" "Maximisation" "doTryCatch" "tryCatchOne" "tryCatchList" "doTryCatch" "tryCatchOne" "tryCatchList" "tryCatch" "ExpectationMaximisation" "doTryCatch" "tryCatchOne" "tryCatchList" "doTryCatch" "tryCatchOne" "tryCatchList" "tryCatch" "fdrDEP" 
